../Core/Src/main.c:125:6:ponerPieza	24	static
../Core/Src/main.c:139:6:eliminarPieza	24	static
../Core/Src/main.c:153:6:eliminarFila	24	static
../Core/Src/main.c:161:6:piezaNueva	72	static
../Core/Src/main.c:231:6:dibujarMatriz	32	static
../Core/Src/main.c:252:6:bajarMatriz	24	static
../Core/Src/main.c:266:6:dropPiece	16	static
../Core/Src/main.c:283:6:moverIzq	16	static
../Core/Src/main.c:294:6:moverDcha	16	static
../Core/Src/main.c:304:6:filaCompleta	16	static
../Core/Src/main.c:314:7:posibilidadBajar	24	static
../Core/Src/main.c:331:7:posibilidadIzq	24	static
../Core/Src/main.c:347:7:posibilidadDcha	24	static
../Core/Src/main.c:364:7:filaComp	24	static
../Core/Src/main.c:372:6:gameOver	24	static
../Core/Src/main.c:391:6:gameInit	24	static
../Core/Src/main.c:416:6:HAL_GPIO_EXTI_Callback	24	static
../Core/Src/main.c:442:5:main	24	static
../Core/Src/main.c:550:6:SystemClock_Config	88	static
../Core/Src/main.c:597:13:MX_ADC1_Init	24	static
../Core/Src/main.c:649:13:MX_SPI2_Init	8	static
../Core/Src/main.c:687:13:MX_GPIO_Init	48	static
../Core/Src/main.c:752:6:Error_Handler	4	static,ignoring_inline_asm
